kotlin version: 2.0.21
error message: java.lang.OutOfMemoryError: GC overhead limit exceeded
	at java.base/java.lang.Long.toString(Long.java:146)
	at org.jetbrains.kotlin.ir.util.IdSignatureRenderer.render(IdSignatureRenderer.kt:28)
	at org.jetbrains.kotlin.ir.util.IdSignatureRenderer.render(IdSignatureRenderer.kt:14)
	at org.jetbrains.kotlin.ir.util.IdSignatureRenderer.render(IdSignatureRenderer.kt:11)
	at org.jetbrains.kotlin.ir.util.IdSignatureRendererKt.render(IdSignatureRenderer.kt:8)
	at org.jetbrains.kotlin.ir.backend.js.transformers.irToJs.IrModuleToJsTransformer.computeTag(IrModuleToJsTransformer.kt:488)
	at org.jetbrains.kotlin.ir.backend.js.transformers.irToJs.IrModuleToJsTransformer.computeAndSaveNameBindings(IrModuleToJsTransformer.kt:502)
	at org.jetbrains.kotlin.ir.backend.js.transformers.irToJs.IrModuleToJsTransformer.generateProgramFragment(IrModuleToJsTransformer.kt:469)
	at org.jetbrains.kotlin.ir.backend.js.transformers.irToJs.IrModuleToJsTransformer.makeIrFragmentsGenerators$lambda$11$lambda$10(IrModuleToJsTransformer.kt:244)
	at org.jetbrains.kotlin.ir.backend.js.transformers.irToJs.IrModuleToJsTransformer$$Lambda$1681/0x000000b80198bcf0.invoke(Unknown Source)
	at org.jetbrains.kotlin.ir.backend.js.ic.CacheUpdater.generateIrFragments(CacheUpdater.kt:784)
	at org.jetbrains.kotlin.ir.backend.js.ic.CacheUpdater.actualizeCaches(CacheUpdater.kt:807)
	at org.jetbrains.kotlin.cli.js.K2JsIrCompiler.prepareIcCaches(K2JsIrCompiler.kt:727)
	at org.jetbrains.kotlin.cli.js.K2JsIrCompiler.doExecute(K2JsIrCompiler.kt:310)
	at org.jetbrains.kotlin.cli.js.K2JSCompiler.doExecute(K2JSCompiler.java:70)
	at org.jetbrains.kotlin.cli.js.K2JSCompiler.doExecute(K2JSCompiler.java:33)
	at org.jetbrains.kotlin.cli.common.CLICompiler.execImpl(CLICompiler.kt:103)
	at org.jetbrains.kotlin.cli.common.CLICompiler.execImpl(CLICompiler.kt:49)
	at org.jetbrains.kotlin.cli.common.CLITool.exec(CLITool.kt:101)
	at org.jetbrains.kotlin.daemon.CompileServiceImpl.compile(CompileServiceImpl.kt:1555)
	at java.base/jdk.internal.reflect.NativeMethodAccessorImpl.invoke0(Native Method)
	at java.base/jdk.internal.reflect.NativeMethodAccessorImpl.invoke(NativeMethodAccessorImpl.java:77)
	at java.base/jdk.internal.reflect.DelegatingMethodAccessorImpl.invoke(DelegatingMethodAccessorImpl.java:43)
	at java.base/java.lang.reflect.Method.invoke(Method.java:569)
	at java.rmi/sun.rmi.server.UnicastServerRef.dispatch(UnicastServerRef.java:360)
	at java.rmi/sun.rmi.transport.Transport$1.run(Transport.java:200)
	at java.rmi/sun.rmi.transport.Transport$1.run(Transport.java:197)
	at java.base/java.security.AccessController.executePrivileged(AccessController.java:807)
	at java.base/java.security.AccessController.doPrivileged(AccessController.java:712)
	at java.rmi/sun.rmi.transport.Transport.serviceCall(Transport.java:196)
	at java.rmi/sun.rmi.transport.tcp.TCPTransport.handleMessages(TCPTransport.java:587)
	at java.rmi/sun.rmi.transport.tcp.TCPTransport$ConnectionHandler.run0(TCPTransport.java:828)


